No projects matched the filters "c:\Users\nikot\Desktop\playlist-modificat\app" in "C:\Users\nikot\Desktop\playlist-modificat\app"

> @iptv/backend@0.1.0 start C:\Users\nikot\Desktop\playlist-modificat\app\apps\backend
> node dist/main.js

[32m[Nest] 22372  - [39m02.03.2026, 21:53:35 [32m    LOG[39m [38;5;3m[NestFactory] [39m[32mStarting Nest application...[39m
[32m[Nest] 22372  - [39m02.03.2026, 21:53:35 [32m    LOG[39m [38;5;3m[InstanceLoader] [39m[32mPrismaModule dependencies initialized[39m[38;5;3m +0ms[39m
[32m[Nest] 22372  - [39m02.03.2026, 21:53:35 [32m    LOG[39m [38;5;3m[InstanceLoader] [39m[32mPassportModule dependencies initialized[39m[38;5;3m +1ms[39m
[32m[Nest] 22372  - [39m02.03.2026, 21:53:35 [32m    LOG[39m [38;5;3m[InstanceLoader] [39m[32mThrottlerModule dependencies initialized[39m[38;5;3m +0ms[39m
[32m[Nest] 22372  - [39m02.03.2026, 21:53:35 [32m    LOG[39m [38;5;3m[InstanceLoader] [39m[32mUsersModule dependencies initialized[39m[38;5;3m +0ms[39m
[32m[Nest] 22372  - [39m02.03.2026, 21:53:35 [32m    LOG[39m [38;5;3m[InstanceLoader] [39m[32mConfigHostModule dependencies initialized[39m[38;5;3m +0ms[39m
[32m[Nest] 22372  - [39m02.03.2026, 21:53:35 [32m    LOG[39m [38;5;3m[InstanceLoader] [39m[32mConfigModule dependencies initialized[39m[38;5;3m +0ms[39m
[32m[Nest] 22372  - [39m02.03.2026, 21:53:35 [32m    LOG[39m [38;5;3m[InstanceLoader] [39m[32mConfigModule dependencies initialized[39m[38;5;3m +0ms[39m
[32m[Nest] 22372  - [39m02.03.2026, 21:53:35 [32m    LOG[39m [38;5;3m[InstanceLoader] [39m[32mAppModule dependencies initialized[39m[38;5;3m +0ms[39m
[32m[Nest] 22372  - [39m02.03.2026, 21:53:35 [32m    LOG[39m [38;5;3m[InstanceLoader] [39m[32mTelemetryModule dependencies initialized[39m[38;5;3m +0ms[39m
[32m[Nest] 22372  - [39m02.03.2026, 21:53:35 [32m    LOG[39m [38;5;3m[InstanceLoader] [39m[32mClientsModule dependencies initialized[39m[38;5;3m +0ms[39m
[32m[Nest] 22372  - [39m02.03.2026, 21:53:35 [32m    LOG[39m [38;5;3m[InstanceLoader] [39m[32mAdminsModule dependencies initialized[39m[38;5;3m +0ms[39m
[32m[Nest] 22372  - [39m02.03.2026, 21:53:35 [32m    LOG[39m [38;5;3m[InstanceLoader] [39m[32mAuditModule dependencies initialized[39m[38;5;3m +0ms[39m
[32m[Nest] 22372  - [39m02.03.2026, 21:53:35 [32m    LOG[39m [38;5;3m[InstanceLoader] [39m[32mJwtModule dependencies initialized[39m[38;5;3m +0ms[39m
[32m[Nest] 22372  - [39m02.03.2026, 21:53:35 [32m    LOG[39m [38;5;3m[InstanceLoader] [39m[32mDeviceApiModule dependencies initialized[39m[38;5;3m +0ms[39m
[32m[Nest] 22372  - [39m02.03.2026, 21:53:35 [32m    LOG[39m [38;5;3m[InstanceLoader] [39m[32mAuthModule dependencies initialized[39m[38;5;3m +0ms[39m
[32m[Nest] 22372  - [39m02.03.2026, 21:53:35 [32m    LOG[39m [38;5;3m[InstanceLoader] [39m[32mDevicesModule dependencies initialized[39m[38;5;3m +0ms[39m
[32m[Nest] 22372  - [39m02.03.2026, 21:53:35 [32m    LOG[39m [38;5;3m[InstanceLoader] [39m[32mOttCatalogModule dependencies initialized[39m[38;5;3m +0ms[39m
[32m[Nest] 22372  - [39m02.03.2026, 21:53:35 [32m    LOG[39m [38;5;3m[InstanceLoader] [39m[32mEpgModule dependencies initialized[39m[38;5;3m +0ms[39m
[32m[Nest] 22372  - [39m02.03.2026, 21:53:35 [32m    LOG[39m [38;5;3m[InstanceLoader] [39m[32mPlaylistModule dependencies initialized[39m[38;5;3m +0ms[39m
[32m[Nest] 22372  - [39m02.03.2026, 21:53:35 [32m    LOG[39m [38;5;3m[InstanceLoader] [39m[32mSystemModule dependencies initialized[39m[38;5;3m +1ms[39m
[32m[Nest] 22372  - [39m02.03.2026, 21:53:35 [32m    LOG[39m [38;5;3m[RoutesResolver] [39m[32mAppController {/}:[39m[38;5;3m +0ms[39m
[32m[Nest] 22372  - [39m02.03.2026, 21:53:35 [32m    LOG[39m [38;5;3m[RouterExplorer] [39m[32mMapped {/, GET} route[39m[38;5;3m +0ms[39m
[32m[Nest] 22372  - [39m02.03.2026, 21:53:35 [32m    LOG[39m [38;5;3m[RouterExplorer] [39m[32mMapped {/health, GET} route[39m[38;5;3m +0ms[39m
[32m[Nest] 22372  - [39m02.03.2026, 21:53:35 [32m    LOG[39m [38;5;3m[RoutesResolver] [39m[32mAuthController {/auth}:[39m[38;5;3m +0ms[39m
[32m[Nest] 22372  - [39m02.03.2026, 21:53:35 [32m    LOG[39m [38;5;3m[RouterExplorer] [39m[32mMapped {/auth/register, POST} route[39m[38;5;3m +0ms[39m
[32m[Nest] 22372  - [39m02.03.2026, 21:53:35 [32m    LOG[39m [38;5;3m[RouterExplorer] [39m[32mMapped {/auth/register/resend, POST} route[39m[38;5;3m +0ms[39m
[32m[Nest] 22372  - [39m02.03.2026, 21:53:35 [32m    LOG[39m [38;5;3m[RouterExplorer] [39m[32mMapped {/auth/register/confirm, POST} route[39m[38;5;3m +0ms[39m
[32m[Nest] 22372  - [39m02.03.2026, 21:53:35 [32m    LOG[39m [38;5;3m[RouterExplorer] [39m[32mMapped {/auth/login, POST} route[39m[38;5;3m +0ms[39m
[32m[Nest] 22372  - [39m02.03.2026, 21:53:35 [32m    LOG[39m [38;5;3m[RouterExplorer] [39m[32mMapped {/auth/password/forgot, POST} route[39m[38;5;3m +0ms[39m
[32m[Nest] 22372  - [39m02.03.2026, 21:53:35 [32m    LOG[39m [38;5;3m[RouterExplorer] [39m[32mMapped {/auth/password/reset, POST} route[39m[38;5;3m +0ms[39m
[32m[Nest] 22372  - [39m02.03.2026, 21:53:35 [32m    LOG[39m [38;5;3m[RoutesResolver] [39m[32mDevicesController {/devices}:[39m[38;5;3m +0ms[39m
[32m[Nest] 22372  - [39m02.03.2026, 21:53:35 [32m    LOG[39m [38;5;3m[RouterExplorer] [39m[32mMapped {/devices/pair/start, POST} route[39m[38;5;3m +0ms[39m
[32m[Nest] 22372  - [39m02.03.2026, 21:53:35 [32m    LOG[39m [38;5;3m[RouterExplorer] [39m[32mMapped {/devices/pair/confirm, POST} route[39m[38;5;3m +0ms[39m
[32m[Nest] 22372  - [39m02.03.2026, 21:53:35 [32m    LOG[39m [38;5;3m[RouterExplorer] [39m[32mMapped {/devices/pair/status, GET} route[39m[38;5;3m +0ms[39m
[32m[Nest] 22372  - [39m02.03.2026, 21:53:35 [32m    LOG[39m [38;5;3m[RouterExplorer] [39m[32mMapped {/devices, GET} route[39m[38;5;3m +0ms[39m
[32m[Nest] 22372  - [39m02.03.2026, 21:53:35 [32m    LOG[39m [38;5;3m[RouterExplorer] [39m[32mMapped {/devices/:id/playlist, PATCH} route[39m[38;5;3m +0ms[39m
[32m[Nest] 22372  - [39m02.03.2026, 21:53:35 [32m    LOG[39m [38;5;3m[RoutesResolver] [39m[32mPlaylistController {/playlist}:[39m[38;5;3m +0ms[39m
[32m[Nest] 22372  - [39m02.03.2026, 21:53:35 [32m    LOG[39m [38;5;3m[RouterExplorer] [39m[32mMapped {/playlist/set-url, POST} route[39m[38;5;3m +0ms[39m
[32m[Nest] 22372  - [39m02.03.2026, 21:53:35 [32m    LOG[39m [38;5;3m[RouterExplorer] [39m[32mMapped {/playlist/sources, GET} route[39m[38;5;3m +0ms[39m
[32m[Nest] 22372  - [39m02.03.2026, 21:53:35 [32m    LOG[39m [38;5;3m[RouterExplorer] [39m[32mMapped {/playlist/sources, POST} route[39m[38;5;3m +0ms[39m
[32m[Nest] 22372  - [39m02.03.2026, 21:53:35 [32m    LOG[39m [38;5;3m[RouterExplorer] [39m[32mMapped {/playlist/sources/upload, POST} route[39m[38;5;3m +0ms[39m
[32m[Nest] 22372  - [39m02.03.2026, 21:53:35 [32m    LOG[39m [38;5;3m[RouterExplorer] [39m[32mMapped {/playlist/sources/:id, PATCH} route[39m[38;5;3m +0ms[39m
[32m[Nest] 22372  - [39m02.03.2026, 21:53:35 [32m    LOG[39m [38;5;3m[RouterExplorer] [39m[32mMapped {/playlist/sources/:id, DELETE} route[39m[38;5;3m +0ms[39m
[32m[Nest] 22372  - [39m02.03.2026, 21:53:35 [32m    LOG[39m [38;5;3m[RouterExplorer] [39m[32mMapped {/playlist/sources/:id/refresh, POST} route[39m[38;5;3m +0ms[39m
[32m[Nest] 22372  - [39m02.03.2026, 21:53:35 [32m    LOG[39m [38;5;3m[RouterExplorer] [39m[32mMapped {/playlist/status, GET} route[39m[38;5;3m +0ms[39m
[32m[Nest] 22372  - [39m02.03.2026, 21:53:35 [32m    LOG[39m [38;5;3m[RouterExplorer] [39m[32mMapped {/playlist/channels, GET} route[39m[38;5;3m +1ms[39m
[32m[Nest] 22372  - [39m02.03.2026, 21:53:35 [32m    LOG[39m [38;5;3m[RouterExplorer] [39m[32mMapped {/playlist/custom, GET} route[39m[38;5;3m +0ms[39m
[32m[Nest] 22372  - [39m02.03.2026, 21:53:35 [32m    LOG[39m [38;5;3m[RouterExplorer] [39m[32mMapped {/playlist/custom, POST} route[39m[38;5;3m +0ms[39m
[32m[Nest] 22372  - [39m02.03.2026, 21:53:35 [32m    LOG[39m [38;5;3m[RouterExplorer] [39m[32mMapped {/playlist/custom/:id, PATCH} route[39m[38;5;3m +0ms[39m
[32m[Nest] 22372  - [39m02.03.2026, 21:53:35 [32m    LOG[39m [38;5;3m[RouterExplorer] [39m[32mMapped {/playlist/custom/:id, DELETE} route[39m[38;5;3m +0ms[39m
[32m[Nest] 22372  - [39m02.03.2026, 21:53:35 [32m    LOG[39m [38;5;3m[RouterExplorer] [39m[32mMapped {/playlist/custom/:id/channels, GET} route[39m[38;5;3m +0ms[39m
[32m[Nest] 22372  - [39m02.03.2026, 21:53:35 [32m    LOG[39m [38;5;3m[RouterExplorer] [39m[32mMapped {/playlist/custom/:id/channels, PUT} route[39m[38;5;3m +0ms[39m
[32m[Nest] 22372  - [39m02.03.2026, 21:53:35 [32m    LOG[39m [38;5;3m[RouterExplorer] [39m[32mMapped {/playlist/custom/:id/activate, POST} route[39m[38;5;3m +0ms[39m
[32m[Nest] 22372  - [39m02.03.2026, 21:53:35 [32m    LOG[39m [38;5;3m[RouterExplorer] [39m[32mMapped {/playlist/activate-source, POST} route[39m[38;5;3m +0ms[39m
[32m[Nest] 22372  - [39m02.03.2026, 21:53:35 [32m    LOG[39m [38;5;3m[RoutesResolver] [39m[32mOttCatalogController {/ott-catalog}:[39m[38;5;3m +0ms[39m
[32m[Nest] 22372  - [39m02.03.2026, 21:53:35 [32m    LOG[39m [38;5;3m[RouterExplorer] [39m[32mMapped {/ott-catalog/stats, GET} route[39m[38;5;3m +0ms[39m
[32m[Nest] 22372  - [39m02.03.2026, 21:53:35 [32m    LOG[39m [38;5;3m[RouterExplorer] [39m[32mMapped {/ott-catalog/providers, GET} route[39m[38;5;3m +0ms[39m
[32m[Nest] 22372  - [39m02.03.2026, 21:53:35 [32m    LOG[39m [38;5;3m[RouterExplorer] [39m[32mMapped {/ott-catalog/providers/sync, POST} route[39m[38;5;3m +0ms[39m
[32m[Nest] 22372  - [39m02.03.2026, 21:53:35 [32m    LOG[39m [38;5;3m[RouterExplorer] [39m[32mMapped {/ott-catalog/sync/full, POST} route[39m[38;5;3m +0ms[39m
[32m[Nest] 22372  - [39m02.03.2026, 21:53:35 [32m    LOG[39m [38;5;3m[RouterExplorer] [39m[32mMapped {/ott-catalog/providers/:providerId/channels, GET} route[39m[38;5;3m +0ms[39m
[32m[Nest] 22372  - [39m02.03.2026, 21:53:35 [32m    LOG[39m [38;5;3m[RouterExplorer] [39m[32mMapped {/ott-catalog/providers/:providerId/channels/sync, POST} route[39m[38;5;3m +0ms[39m
[32m[Nest] 22372  - [39m02.03.2026, 21:53:35 [32m    LOG[39m [38;5;3m[RouterExplorer] [39m[32mMapped {/ott-catalog/providers/:providerId/programs/sync, POST} route[39m[38;5;3m +0ms[39m
[32m[Nest] 22372  - [39m02.03.2026, 21:53:35 [32m    LOG[39m [38;5;3m[RouterExplorer] [39m[32mMapped {/ott-catalog/channels/:channelId/programs, GET} route[39m[38;5;3m +0ms[39m
[32m[Nest] 22372  - [39m02.03.2026, 21:53:35 [32m    LOG[39m [38;5;3m[RouterExplorer] [39m[32mMapped {/ott-catalog/channels/:channelId/programs/sync, POST} route[39m[38;5;3m +0ms[39m
[32m[Nest] 22372  - [39m02.03.2026, 21:53:35 [32m    LOG[39m [38;5;3m[RoutesResolver] [39m[32mEpgController {/epg}:[39m[38;5;3m +0ms[39m
[32m[Nest] 22372  - [39m02.03.2026, 21:53:35 [32m    LOG[39m [38;5;3m[RouterExplorer] [39m[32mMapped {/epg/set-url, POST} route[39m[38;5;3m +0ms[39m
[32m[Nest] 22372  - [39m02.03.2026, 21:53:35 [32m    LOG[39m [38;5;3m[RouterExplorer] [39m[32mMapped {/epg/status, GET} route[39m[38;5;3m +0ms[39m
[32m[Nest] 22372  - [39m02.03.2026, 21:53:35 [32m    LOG[39m [38;5;3m[RoutesResolver] [39m[32mDeviceApiController {/device}:[39m[38;5;3m +0ms[39m
[32m[Nest] 22372  - [39m02.03.2026, 21:53:35 [32m    LOG[39m [38;5;3m[RouterExplorer] [39m[32mMapped {/device/profile, GET} route[39m[38;5;3m +1ms[39m
[32m[Nest] 22372  - [39m02.03.2026, 21:53:35 [32m    LOG[39m [38;5;3m[RouterExplorer] [39m[32mMapped {/device/playlist, GET} route[39m[38;5;3m +0ms[39m
[32m[Nest] 22372  - [39m02.03.2026, 21:53:35 [32m    LOG[39m [38;5;3m[RouterExplorer] [39m[32mMapped {/device/epg/now-next, GET} route[39m[38;5;3m +0ms[39m
[32m[Nest] 22372  - [39m02.03.2026, 21:53:35 [32m    LOG[39m [38;5;3m[RouterExplorer] [39m[32mMapped {/device/epg/day, GET} route[39m[38;5;3m +0ms[39m
[32m[Nest] 22372  - [39m02.03.2026, 21:53:35 [32m    LOG[39m [38;5;3m[RoutesResolver] [39m[32mClientsController {/clients}:[39m[38;5;3m +0ms[39m
[32m[Nest] 22372  - [39m02.03.2026, 21:53:35 [32m    LOG[39m [38;5;3m[RouterExplorer] [39m[32mMapped {/clients, GET} route[39m[38;5;3m +0ms[39m
[32m[Nest] 22372  - [39m02.03.2026, 21:53:35 [32m    LOG[39m [38;5;3m[RouterExplorer] [39m[32mMapped {/clients, POST} route[39m[38;5;3m +0ms[39m
[32m[Nest] 22372  - [39m02.03.2026, 21:53:35 [32m    LOG[39m [38;5;3m[RouterExplorer] [39m[32mMapped {/clients/:id/pairings, GET} route[39m[38;5;3m +1ms[39m
[32m[Nest] 22372  - [39m02.03.2026, 21:53:35 [32m    LOG[39m [38;5;3m[RouterExplorer] [39m[32mMapped {/clients/:id, PATCH} route[39m[38;5;3m +0ms[39m
[32m[Nest] 22372  - [39m02.03.2026, 21:53:35 [32m    LOG[39m [38;5;3m[RouterExplorer] [39m[32mMapped {/clients/:id, DELETE} route[39m[38;5;3m +0ms[39m
[32m[Nest] 22372  - [39m02.03.2026, 21:53:35 [32m    LOG[39m [38;5;3m[RoutesResolver] [39m[32mAdminsController {/admins}:[39m[38;5;3m +0ms[39m
[32m[Nest] 22372  - [39m02.03.2026, 21:53:35 [32m    LOG[39m [38;5;3m[RouterExplorer] [39m[32mMapped {/admins, GET} route[39m[38;5;3m +0ms[39m
[32m[Nest] 22372  - [39m02.03.2026, 21:53:35 [32m    LOG[39m [38;5;3m[RouterExplorer] [39m[32mMapped {/admins/:id, DELETE} route[39m[38;5;3m +1ms[39m
[32m[Nest] 22372  - [39m02.03.2026, 21:53:35 [32m    LOG[39m [38;5;3m[RoutesResolver] [39m[32mTelemetryController {/telemetry}:[39m[38;5;3m +0ms[39m
[32m[Nest] 22372  - [39m02.03.2026, 21:53:35 [32m    LOG[39m [38;5;3m[RouterExplorer] [39m[32mMapped {/telemetry/event, POST} route[39m[38;5;3m +1ms[39m
[32m[Nest] 22372  - [39m02.03.2026, 21:53:35 [32m    LOG[39m [38;5;3m[RoutesResolver] [39m[32mAuditController {/audit}:[39m[38;5;3m +0ms[39m
[32m[Nest] 22372  - [39m02.03.2026, 21:53:35 [32m    LOG[39m [38;5;3m[RouterExplorer] [39m[32mMapped {/audit, GET} route[39m[38;5;3m +0ms[39m
[32m[Nest] 22372  - [39m02.03.2026, 21:53:35 [32m    LOG[39m [38;5;3m[RoutesResolver] [39m[32mSystemController {/system}:[39m[38;5;3m +0ms[39m
[32m[Nest] 22372  - [39m02.03.2026, 21:53:35 [32m    LOG[39m [38;5;3m[RouterExplorer] [39m[32mMapped {/system/health, GET} route[39m[38;5;3m +0ms[39m
[32m[Nest] 22372  - [39m02.03.2026, 21:53:35 [32m    LOG[39m [38;5;3m[RouterExplorer] [39m[32mMapped {/system/jobs, GET} route[39m[38;5;3m +0ms[39m
[32m[Nest] 22372  - [39m02.03.2026, 21:53:35 [32m    LOG[39m [38;5;3m[RouterExplorer] [39m[32mMapped {/system/jobs/refresh-playlists, POST} route[39m[38;5;3m +0ms[39m
[32m[Nest] 22372  - [39m02.03.2026, 21:53:35 [32m    LOG[39m [38;5;3m[RouterExplorer] [39m[32mMapped {/system/backups, GET} route[39m[38;5;3m +1ms[39m
[32m[Nest] 22372  - [39m02.03.2026, 21:53:35 [32m    LOG[39m [38;5;3m[RouterExplorer] [39m[32mMapped {/system/backups, POST} route[39m[38;5;3m +0ms[39m
[32m[Nest] 22372  - [39m02.03.2026, 21:53:35 [32m    LOG[39m [38;5;3m[RouterExplorer] [39m[32mMapped {/system/backups/restore, POST} route[39m[38;5;3m +0ms[39m
[32m[Nest] 22372  - [39m02.03.2026, 21:53:35 [32m    LOG[39m [38;5;3m[RouterExplorer] [39m[32mMapped {/system/config/export, GET} route[39m[38;5;3m +0ms[39m
[32m[Nest] 22372  - [39m02.03.2026, 21:53:35 [32m    LOG[39m [38;5;3m[RouterExplorer] [39m[32mMapped {/system/config/import, POST} route[39m[38;5;3m +0ms[39m
[32m[Nest] 22372  - [39m02.03.2026, 21:53:35 [32m    LOG[39m [38;5;3m[SystemService] [39m[32mSystem automation enabled: playlist_refresh=1800s, auto_backup=21600s[39m
[32m[Nest] 22372  - [39m02.03.2026, 21:53:35 [32m    LOG[39m [38;5;3m[NestApplication] [39m[32mNest application successfully started[39m[38;5;3m +0ms[39m
Backend running on http://localhost:3000
[33m[Nest] 22372  - [39m02.03.2026, 21:55:56 [33m   WARN[39m [38;5;3m[OttCatalogService] [39m[33mOTT fetch failed for https://epg.ott-play.com/php/show_prog.php?f=cbilling/epg/cartoon-classics.json: Ошибка HTTP 503 Service Unavailable[39m
[33m[Nest] 22372  - [39m02.03.2026, 21:55:56 [33m   WARN[39m [38;5;3m[OttCatalogService] [39m[33mOTT fetch failed for https://epg.ott-play.com/php/show_prog.php?f=cbilling/epg/ani.json: Ошибка HTTP 503 Service Unavailable[39m
[33m[Nest] 22372  - [39m02.03.2026, 21:55:56 [33m   WARN[39m [38;5;3m[OttCatalogService] [39m[33mOTT fetch failed for https://epg.ott-play.com/php/show_prog.php?f=cbilling/epg/big-planet-hd.json: Ошибка HTTP 503 Service Unavailable[39m
[33m[Nest] 22372  - [39m02.03.2026, 21:56:47 [33m   WARN[39m [38;5;3m[OttCatalogService] [39m[33mOTT fetch failed for https://epg.ott-play.com/php/show_prog.php?f=cbilling/epg/cineman-am-hd.json: Ошибка HTTP 503 Service Unavailable[39m
[33m[Nest] 22372  - [39m02.03.2026, 21:56:47 [33m   WARN[39m [38;5;3m[OttCatalogService] [39m[33mOTT fetch failed for https://epg.ott-play.com/php/show_prog.php?f=cbilling/epg/classic-music.json: Ошибка HTTP 503 Service Unavailable[39m
[33m[Nest] 22372  - [39m02.03.2026, 21:56:47 [33m   WARN[39m [38;5;3m[OttCatalogService] [39m[33mOTT fetch failed for https://epg.ott-play.com/php/show_prog.php?f=cbilling/epg/evropa-plus-tv-hd.json: Ошибка HTTP 503 Service Unavailable[39m
[33m[Nest] 22372  - [39m02.03.2026, 21:56:47 [33m   WARN[39m [38;5;3m[OttCatalogService] [39m[33mOTT fetch failed for https://epg.ott-play.com/php/show_prog.php?f=cbilling/epg/eurosport2-hd.json: Ошибка HTTP 503 Service Unavailable[39m
[33m[Nest] 22372  - [39m02.03.2026, 21:56:47 [33m   WARN[39m [38;5;3m[OttCatalogService] [39m[33mOTT fetch failed for https://epg.ott-play.com/php/show_prog.php?f=cbilling/epg/eurosport-hd.json: Ошибка HTTP 503 Service Unavailable[39m
[33m[Nest] 22372  - [39m02.03.2026, 21:56:47 [33m   WARN[39m [38;5;3m[OttCatalogService] [39m[33mOTT fetch failed for https://epg.ott-play.com/php/show_prog.php?f=cbilling/epg/da-vinci-learning.json: Ошибка HTTP 503 Service Unavailable[39m
[33m[Nest] 22372  - [39m02.03.2026, 21:56:47 [33m   WARN[39m [38;5;3m[OttCatalogService] [39m[33mOTT fetch failed for https://epg.ott-play.com/php/show_prog.php?f=cbilling/epg/cinema-hd.json: Ошибка HTTP 503 Service Unavailable[39m
[33m[Nest] 22372  - [39m02.03.2026, 21:56:47 [33m   WARN[39m [38;5;3m[OttCatalogService] [39m[33mOTT fetch failed for https://epg.ott-play.com/php/show_prog.php?f=cbilling/epg/discovery-hd.json: Ошибка HTTP 503 Service Unavailable[39m
[33m[Nest] 22372  - [39m02.03.2026, 21:56:47 [33m   WARN[39m [38;5;3m[OttCatalogService] [39m[33mOTT fetch failed for https://epg.ott-play.com/php/show_prog.php?f=cbilling/epg/cartoonito-hd.json: Ошибка HTTP 503 Service Unavailable[39m
^CC:\Users\nikot\Desktop\playlist-modificat\app\apps\backend:
 ERR_PNPM_RECURSIVE_RUN_FIRST_FAIL  @iptv/backend@0.1.0 start: `node dist/main.js`
Exit status 3221225786
